// Jest Snapshot v1, https://goo.gl/fbAQLP

exports[`renders correctly 1`] = `
Array [
  <button
    className="MuiButtonBase-root MuiButton-root MuiButton-contained MuiButton-containedPrimary"
    disabled={false}
    onBlur={[Function]}
    onClick={[Function]}
    onDragLeave={[Function]}
    onFocus={[Function]}
    onKeyDown={[Function]}
    onKeyUp={[Function]}
    onMouseDown={[Function]}
    onMouseLeave={[Function]}
    onMouseUp={[Function]}
    onTouchEnd={[Function]}
    onTouchMove={[Function]}
    onTouchStart={[Function]}
    tabIndex={0}
    type="button"
  >
    <span
      className="MuiButton-label"
    >
      <span
        className="MuiButton-startIcon MuiButton-iconSizeMedium"
      >
        <svg
          aria-hidden={true}
          className="MuiSvgIcon-root"
          focusable="false"
          viewBox="0 0 24 24"
        >
          <path
            d="M20 11H7.83l5.59-5.59L12 4l-8 8 8 8 1.41-1.41L7.83 13H20v-2z"
          />
        </svg>
      </span>
      Back
    </span>
  </button>,
  <div
    id="moviePage"
  >
    <h1
      id="title"
    >
      
    </h1>
    <hr
      className="MuiDivider-root"
    />
    <div
      className="movieInfo"
    >
      <div
        className="contentContainerLeft"
      >
        <img
          alt="This is the poster of the movie"
          className="poster"
          src=""
        />
      </div>
      <div
        className="contentContainerRight"
      >
        <div>
          <span
            className="infoTitle"
          >
            Description: 
          </span>
          <br />
          <span>
            
          </span>
        </div>
        <div>
          <span
            className="infoTitle"
          >
            Duration: 
          </span>
          <span>
            -1 min
          </span>
        </div>
        <div>
          <span
            className="infoTitle"
          >
            Genre: 
          </span>
          <span>
            N/A
          </span>
        </div>
        <div>
          <span
            className="infoTitle"
          >
            Release date: 
          </span>
          <span>
            N/A
          </span>
        </div>
        <div>
          <span
            className="infoTitle"
          >
            Budget: 
          </span>
          <span>
            -1 USD
          </span>
        </div>
        <div>
          <span
            className="infoTitle"
          >
            Average rating: 
          </span>
          <span>
            -1
          </span>
        </div>
      </div>
    </div>
    <hr
      className="MuiDivider-root"
    />
    <div
      id="reviews"
    >
      <h2>
        Your review
      </h2>
      <div
        className="MuiBox-root MuiBox-root-1 review"
      >
        <div
          className="reviewContent"
        >
          <p
            className="MuiTypography-root MuiTypography-body1"
          >
            <a
              className="MuiTypography-root MuiLink-root MuiLink-underlineHover MuiTypography-colorPrimary"
              href="/login"
              onBlur={[Function]}
              onFocus={[Function]}
            >
              Login
            </a>
            <span>
               to write a review
            </span>
          </p>
        </div>
      </div>
      <h2>
        Other reviews
      </h2>
      <div
        id="reviewContainer"
      >
        <p>
          There are no reviews yet
        </p>
      </div>
    </div>
  </div>,
]
`;
