// Jest Snapshot v1, https://goo.gl/fbAQLP

exports[`renders correctly 1`] = `
<div
  id="results"
>
  <p>
    Your query gave no results
  </p>
</div>
`;
