// Jest Snapshot v1, https://goo.gl/fbAQLP

exports[`renders correctly 1`] = `
Array [
  <div
    className="MuiFormControl-root MuiFormControl-fullWidth"
  >
    <label
      className="MuiFormLabel-root MuiInputLabel-root MuiInputLabel-formControl MuiInputLabel-animated MuiInputLabel-shrink MuiInputLabel-outlined MuiFormLabel-filled"
      data-shrink={true}
    >
      Sort by:
    </label>
    <div
      className="MuiInputBase-root MuiOutlinedInput-root select MuiInputBase-formControl"
      onClick={[Function]}
    >
      <div
        aria-haspopup="listbox"
        className="MuiSelect-root MuiSelect-select MuiSelect-selectMenu MuiSelect-outlined MuiInputBase-input MuiOutlinedInput-input"
        onBlur={[Function]}
        onFocus={[Function]}
        onKeyDown={[Function]}
        onMouseDown={[Function]}
        role="button"
        tabIndex={0}
      >
        Title
      </div>
      <input
        aria-hidden={true}
        className="MuiSelect-nativeInput"
        onAnimationStart={[Function]}
        onChange={[Function]}
        required={false}
        tabIndex={-1}
        value="title"
      />
      <svg
        aria-hidden={true}
        className="MuiSvgIcon-root MuiSelect-icon MuiSelect-iconOutlined"
        focusable="false"
        viewBox="0 0 24 24"
      >
        <path
          d="M7 10l5 5 5-5z"
        />
      </svg>
      <fieldset
        aria-hidden={true}
        className="PrivateNotchedOutline-root-1 MuiOutlinedInput-notchedOutline"
      >
        <legend
          className="PrivateNotchedOutline-legendLabelled-3 PrivateNotchedOutline-legendNotched-4"
        >
          <span>
            Sort by:
          </span>
        </legend>
      </fieldset>
    </div>
  </div>,
  <button
    className="MuiButtonBase-root MuiIconButton-root iconButton"
    disabled={false}
    onBlur={[Function]}
    onClick={[Function]}
    onDragLeave={[Function]}
    onFocus={[Function]}
    onKeyDown={[Function]}
    onKeyUp={[Function]}
    onMouseDown={[Function]}
    onMouseLeave={[Function]}
    onMouseUp={[Function]}
    onTouchEnd={[Function]}
    onTouchMove={[Function]}
    onTouchStart={[Function]}
    tabIndex={0}
    type="button"
  >
    <span
      className="MuiIconButton-label"
    >
      <svg
        aria-hidden={true}
        className="MuiSvgIcon-root"
        focusable="false"
        viewBox="0 0 24 24"
      >
        <path
          d="M20 12l-1.41-1.41L13 16.17V4h-2v12.17l-5.58-5.59L4 12l8 8 8-8z"
        />
      </svg>
    </span>
  </button>,
]
`;
